Change Physical Footprint: Designator=A1 Old Footprint=XDCR_MS561101BA03-50 New Footprint=XDCR_MS561101BA03-50
Change Physical Footprint: Designator=C1 Old Footprint=FP-GRT155-0_15-MFG New Footprint=FP-GRT155-0_15-MFG
Change Physical Footprint: Designator=C2 Old Footprint=FP-C0402-BB-MFG New Footprint=FP-C0402-BB-MFG
Change Physical Footprint: Designator=C3 Old Footprint=FP-GRT155-0_15-MFG New Footprint=FP-GRT155-0_15-MFG
Change Physical Footprint: Designator=C4 Old Footprint=FP-C0402-BB-MFG New Footprint=FP-C0402-BB-MFG
Change Physical Footprint: Designator=C5 Old Footprint=FP-C0402-BB-MFG New Footprint=FP-C0402-BB-MFG
Change Physical Footprint: Designator=C6 Old Footprint=FP-C0402-BB-MFG New Footprint=FP-C0402-BB-MFG
Change Physical Footprint: Designator=C7 Old Footprint=FP-GRT155-0_15-MFG New Footprint=FP-GRT155-0_15-MFG
Change Physical Footprint: Designator=C8 Old Footprint=FP-C0402-BB-MFG New Footprint=FP-C0402-BB-MFG
Change Physical Footprint: Designator=C9 Old Footprint=FP-GRM155-0_15-IPC_A New Footprint=FP-GRM155-0_15-IPC_A
Change Physical Footprint: Designator=C10 Old Footprint=FP-GRM155-0_15-IPC_A New Footprint=FP-GRM155-0_15-IPC_A
Change Physical Footprint: Designator=C11 Old Footprint=FP-C0402-BB-MFG New Footprint=FP-C0402-BB-MFG
Change Physical Footprint: Designator=C12 Old Footprint=FP-C0402-BB-MFG New Footprint=FP-C0402-BB-MFG
Change Physical Footprint: Designator=C13 Old Footprint=FP-GRM155-0_05-IPC_B New Footprint=FP-GRM155-0_05-IPC_B
Change Physical Footprint: Designator=C14 Old Footprint=FP-C0402-BB-MFG New Footprint=FP-C0402-BB-MFG
Change Physical Footprint: Designator=C15 Old Footprint=FP-C0402-BB-MFG New Footprint=FP-C0402-BB-MFG
Change Physical Footprint: Designator=C16 Old Footprint=FP-C0402-BB-MFG New Footprint=FP-C0402-BB-MFG
Change Physical Footprint: Designator=C17 Old Footprint=FP-C0402-BB-MFG New Footprint=FP-C0402-BB-MFG
Change Physical Footprint: Designator=C18 Old Footprint=FP-C0402-BB-MFG New Footprint=FP-C0402-BB-MFG
Change Physical Footprint: Designator=C19 Old Footprint=FP-C0402-BB-MFG New Footprint=FP-C0402-BB-MFG
Change Physical Footprint: Designator=C20 Old Footprint=FP-GRT155-0_15-MFG New Footprint=FP-GRT155-0_15-MFG
Change Physical Footprint: Designator=C21 Old Footprint=FP-C0402-BB-MFG New Footprint=FP-C0402-BB-MFG
Change Physical Footprint: Designator=C22 Old Footprint=FP-C0402-BB-MFG New Footprint=FP-C0402-BB-MFG
Change Physical Footprint: Designator=C23 Old Footprint=FP-C0402-BB-MFG New Footprint=FP-C0402-BB-MFG
Change Physical Footprint: Designator=C24 Old Footprint=FP-C0402-BB-MFG New Footprint=FP-C0402-BB-MFG
Change Physical Footprint: Designator=C25 Old Footprint=FP-C0402-BB-MFG New Footprint=FP-C0402-BB-MFG
Change Physical Footprint: Designator=C26 Old Footprint=FP-GRM155-0_15-IPC_A New Footprint=FP-GRM155-0_15-IPC_A
Change Physical Footprint: Designator=C27 Old Footprint=FP-GRM155-0_05-IPC_B New Footprint=FP-GRM155-0_05-IPC_B
Change Physical Footprint: Designator=C28 Old Footprint=FP-C0402-BB-MFG New Footprint=FP-C0402-BB-MFG
Change Physical Footprint: Designator=C29 Old Footprint=FP-C0402-BB-MFG New Footprint=FP-C0402-BB-MFG
Change Physical Footprint: Designator=C30 Old Footprint=FP-C0402-BB-MFG New Footprint=FP-C0402-BB-MFG
Change Physical Footprint: Designator=C31 Old Footprint=FP-GRM155-0_15-IPC_A New Footprint=FP-GRM155-0_15-IPC_A
Change Physical Footprint: Designator=C32 Old Footprint=FP-C0402-BB-MFG New Footprint=FP-C0402-BB-MFG
Change Physical Footprint: Designator=C33 Old Footprint=FP-GRM155-0_05-IPC_B New Footprint=FP-GRM155-0_05-IPC_B
Change Physical Footprint: Designator=C34 Old Footprint=FP-GRT155-0_15-MFG New Footprint=FP-GRT155-0_15-MFG
Change Physical Footprint: Designator=C35 Old Footprint=FP-C0402-BB-MFG New Footprint=FP-C0402-BB-MFG
Change Physical Footprint: Designator=C36 Old Footprint=FP-GRM155-0_05-IPC_B New Footprint=FP-GRM155-0_05-IPC_B
Change Physical Footprint: Designator=C37 Old Footprint=FP-C0402-BB-MFG New Footprint=FP-C0402-BB-MFG
Change Physical Footprint: Designator=C38 Old Footprint=FP-GRM155-0_05-IPC_B New Footprint=FP-GRM155-0_05-IPC_B
Change Physical Footprint: Designator=C39 Old Footprint=FP-C0402-BB-MFG New Footprint=FP-C0402-BB-MFG
Change Physical Footprint: Designator=C40 Old Footprint=FP-GRM15-MFG New Footprint=FP-GRM15-MFG
Change Physical Footprint: Designator=C41 Old Footprint=CAPC3225X270N New Footprint=CAPC3225X270N
Change Physical Footprint: Designator=C42 Old Footprint=CAPC3225X270N New Footprint=CAPC3225X270N
Change Physical Footprint: Designator=C43 Old Footprint=FP-CS0402-CA-MFG New Footprint=FP-CS0402-CA-MFG
Change Physical Footprint: Designator=C44 Old Footprint=CAPC1005X55X25NL05T10 New Footprint=CAPC1005X55X25NL05T10
Change Physical Footprint: Designator=C45 Old Footprint=FP-GRM31C-0_2-e0_3_0_8-IPC_A New Footprint=FP-GRM31C-0_2-e0_3_0_8-IPC_A
Change Physical Footprint: Designator=C46 Old Footprint=FP-GRT155-0_15-MFG New Footprint=FP-GRT155-0_15-MFG
Change Physical Footprint: Designator=C47 Old Footprint=FP-GRT155-0_15-MFG New Footprint=FP-GRT155-0_15-MFG
Change Physical Footprint: Designator=C48 Old Footprint=FP-GRT155-0_15-MFG New Footprint=FP-GRT155-0_15-MFG
Change Physical Footprint: Designator=C49 Old Footprint=FP-GRT155-0_15-MFG New Footprint=FP-GRT155-0_15-MFG
Change Physical Footprint: Designator=C50 Old Footprint=CAPC1005X60X30NL05T10 New Footprint=CAPC1005X60X30NL05T10
Change Physical Footprint: Designator=C51 Old Footprint=FP-GRM155-0_2-IPC_B New Footprint=FP-GRM155-0_2-IPC_B
Change Physical Footprint: Designator=C52 Old Footprint=FP-C0402-BB-MFG New Footprint=FP-C0402-BB-MFG
Change Physical Footprint: Designator=C53 Old Footprint=C0402 New Footprint=C0402
Change Physical Footprint: Designator=C54 Old Footprint=FP-GRM155-0_1-IPC_A New Footprint=FP-GRM155-0_1-IPC_A
Change Physical Footprint: Designator=C55 Old Footprint=FP-GRM155-0_1-IPC_A New Footprint=FP-GRM155-0_1-IPC_A
Change Physical Footprint: Designator=C56 Old Footprint=FP-C0402-BB-MFG New Footprint=FP-C0402-BB-MFG
Change Physical Footprint: Designator=C57 Old Footprint=FP-GRM155-0_2-IPC_B New Footprint=FP-GRM155-0_2-IPC_B
Change Physical Footprint: Designator=C58 Old Footprint=FP-C0402-BB-MFG New Footprint=FP-C0402-BB-MFG
Change Physical Footprint: Designator=C59 Old Footprint=FP-C0402-BB-MFG New Footprint=FP-C0402-BB-MFG
Change Physical Footprint: Designator=D1 Old Footprint=FP-95400-MFG New Footprint=FP-95400-MFG
Change Physical Footprint: Designator=D2 Old Footprint=ONSC-SOD-123FL-2-498_V New Footprint=ONSC-SOD-123FL-2-498_V
Change Physical Footprint: Designator=D3 Old Footprint=ONSC-SOD-123FL-2-498_V New Footprint=ONSC-SOD-123FL-2-498_V
Change Physical Footprint: Designator=D4 Old Footprint=ONSC-SOD-123FL-2-498_V New Footprint=ONSC-SOD-123FL-2-498_V
Change Physical Footprint: Designator=D5 Old Footprint=FP-SOT23-IPC_A New Footprint=FP-SOT23-IPC_A
Change Physical Footprint: Designator=D6 Old Footprint=FP-LTST-C171GKT-MFG New Footprint=FP-LTST-C171GKT-MFG
Change Physical Footprint: Designator=D7 Old Footprint=FP-DPY0002A-MFG New Footprint=FP-DPY0002A-MFG
Change Physical Footprint: Designator=D8 Old Footprint=SOT457 New Footprint=SOT457
Change Physical Footprint: Designator=D9 Old Footprint=ONSC-SMB-2-403A-03_H_V New Footprint=ONSC-SMB-2-403A-03_H_V
Change Physical Footprint: Designator=D10 Old Footprint=FP-SMBJ-MFG New Footprint=FP-SMBJ-MFG
Change Physical Footprint: Designator=D11 Old Footprint=FP-SML-LXT0805IW-TR-MFG New Footprint=FP-SML-LXT0805IW-TR-MFG
Change Physical Footprint: Designator=D12 Old Footprint=ONSC-SOD-123FL-2-498_V New Footprint=ONSC-SOD-123FL-2-498_V
Change Physical Footprint: Designator=FB1 Old Footprint=FP-BLM15-0_05-MFG New Footprint=FP-BLM15-0_05-MFG
Change Physical Footprint: Designator=FL1 Old Footprint=BEADC1005X55N New Footprint=BEADC1005X55N
Change Physical Footprint: Designator=FL2 Old Footprint=BEADC1005X55N New Footprint=BEADC1005X55N
Change Physical Footprint: Designator=FL3 Old Footprint=FIL_KNH16C104DA5TS New Footprint=FIL_KNH16C104DA5TS
Change Physical Footprint: Designator=J1 Old Footprint=FP-USB4105-GF-A-MFG New Footprint=FP-USB4105-GF-A-MFG
Change Physical Footprint: Designator=J2 Old Footprint=FP-BM05B-SRSS-TBT_LF_SN-MFG New Footprint=FP-BM05B-SRSS-TBT_LF_SN-MFG
Change Physical Footprint: Designator=J3 Old Footprint=HRS_DM3AT-SF-PEJM5 New Footprint=HRS_DM3AT-SF-PEJM5
Change Physical Footprint: Designator=J4 Old Footprint=FP-SM03B-GHS-TB_LF_SN-MFG New Footprint=FP-SM03B-GHS-TB_LF_SN-MFG
Change Physical Footprint: Designator=J5 Old Footprint=FP-BM04B-GHS-TBT_LF_SN-MFG New Footprint=FP-BM04B-GHS-TBT_LF_SN-MFG
Change Physical Footprint: Designator=J6 Old Footprint=FP-BM04B-GHS-TBT_LF_SN-MFG New Footprint=FP-BM04B-GHS-TBT_LF_SN-MFG
Change Physical Footprint: Designator=J7 Old Footprint=FP-B8B-PH-SM4-TB_LF_SN-MFG New Footprint=FP-B8B-PH-SM4-TB_LF_SN-MFG
Change Physical Footprint: Designator=J8 Old Footprint=FP-SM03B-GHS-TB_LF_SN-MFG New Footprint=FP-SM03B-GHS-TB_LF_SN-MFG
Change Physical Footprint: Designator=J9 Old Footprint=FP-SM06B-GHS-TB_LF_SN-MFG New Footprint=FP-SM06B-GHS-TB_LF_SN-MFG
Change Physical Footprint: Designator=L1 Old Footprint=TDK-ACT45B-510-2P-TL003-4_V New Footprint=TDK-ACT45B-510-2P-TL003-4_V
Change Physical Footprint: Designator=L2 Old Footprint=IND_XAL4030-332MEB New Footprint=IND_XAL4030-332MEB
Change Physical Footprint: Designator=R1 Old Footprint=FP-RMCF0402-MFG New Footprint=FP-RMCF0402-MFG
Change Physical Footprint: Designator=R2 Old Footprint=FP-MCS0402-MFG New Footprint=FP-MCS0402-MFG
Change Physical Footprint: Designator=R3 Old Footprint=FP-MCS0402-MFG New Footprint=FP-MCS0402-MFG
Change Physical Footprint: Designator=R4 Old Footprint=FP-MCS0402-MFG New Footprint=FP-MCS0402-MFG
Change Physical Footprint: Designator=R5 Old Footprint=FP-MCS0402-MFG New Footprint=FP-MCS0402-MFG
Change Physical Footprint: Designator=R6 Old Footprint=FP-MCS0402-MFG New Footprint=FP-MCS0402-MFG
Change Physical Footprint: Designator=R7 Old Footprint=FP-RMCF0402-MFG New Footprint=FP-RMCF0402-MFG
Change Physical Footprint: Designator=R8 Old Footprint=FP-CRCW0402-e3-IPC_B New Footprint=FP-CRCW0402-e3-IPC_B
Change Physical Footprint: Designator=R9 Old Footprint=FP-RN73R1E-IPC_C New Footprint=FP-RN73R1E-IPC_C
Change Physical Footprint: Designator=R10 Old Footprint=FP-RN73R1E-IPC_C New Footprint=FP-RN73R1E-IPC_C
Change Physical Footprint: Designator=R11 Old Footprint=FP-MCS0402-MFG New Footprint=FP-MCS0402-MFG
Change Physical Footprint: Designator=R12 Old Footprint=RESC1005X40X25NL05T10 New Footprint=RESC1005X40X25NL05T10
Change Physical Footprint: Designator=R13 Old Footprint=FP-CRCW0402-Pe3-IPC_C New Footprint=FP-CRCW0402-Pe3-IPC_C
Change Physical Footprint: Designator=R14 Old Footprint=FP-CRCW0402-Pe3-IPC_C New Footprint=FP-CRCW0402-Pe3-IPC_C
Change Physical Footprint: Designator=R15 Old Footprint=FP-RMCF0402-MFG New Footprint=FP-RMCF0402-MFG
Change Physical Footprint: Designator=R16 Old Footprint=FP-RMCF0402-MFG New Footprint=FP-RMCF0402-MFG
Change Physical Footprint: Designator=R17 Old Footprint=FP-MCS0402-IPC_A New Footprint=FP-MCS0402-IPC_A
Change Physical Footprint: Designator=R18 Old Footprint=FP-MCS0402-MFG New Footprint=FP-MCS0402-MFG
Change Physical Footprint: Designator=R19 Old Footprint=FP-MCS0402-MFG New Footprint=FP-MCS0402-MFG
Change Physical Footprint: Designator=R20 Old Footprint=FP-MCS0402-MFG New Footprint=FP-MCS0402-MFG
Change Physical Footprint: Designator=R21 Old Footprint=FP-MCS0402-MFG New Footprint=FP-MCS0402-MFG
Change Physical Footprint: Designator=R22 Old Footprint=FP-MCS0402-MFG New Footprint=FP-MCS0402-MFG
Change Physical Footprint: Designator=R23 Old Footprint=FP-MCS0402-MFG New Footprint=FP-MCS0402-MFG
Change Physical Footprint: Designator=R24 Old Footprint=FP-MCS0402-MFG New Footprint=FP-MCS0402-MFG
Change Physical Footprint: Designator=R25 Old Footprint=FP-MCS0402-MFG New Footprint=FP-MCS0402-MFG
Change Physical Footprint: Designator=R26 Old Footprint=FP-MCS0402-MFG New Footprint=FP-MCS0402-MFG
Change Physical Footprint: Designator=R27 Old Footprint=FP-MCS0402-MFG New Footprint=FP-MCS0402-MFG
Change Physical Footprint: Designator=R28 Old Footprint=FP-MCS0402-IPC_A New Footprint=FP-MCS0402-IPC_A
Change Physical Footprint: Designator=R29 Old Footprint=FP-RMCF0402-MFG New Footprint=FP-RMCF0402-MFG
Change Physical Footprint: Designator=R30 Old Footprint=FP-RMCF0402-MFG New Footprint=FP-RMCF0402-MFG
Change Physical Footprint: Designator=R31 Old Footprint=FP-RMCF0402-MFG New Footprint=FP-RMCF0402-MFG
Change Physical Footprint: Designator=R32 Old Footprint=FP-RMCF0402-MFG New Footprint=FP-RMCF0402-MFG
Change Physical Footprint: Designator=R33 Old Footprint=RESC1005X40X25NL05T05 New Footprint=RESC1005X40X25NL05T05
Change Physical Footprint: Designator=R34 Old Footprint=FP-CRCW0402-e3-IPC_A New Footprint=FP-CRCW0402-e3-IPC_A
Change Physical Footprint: Designator=R35 Old Footprint=RESC1005X40X25LL05T05 New Footprint=RESC1005X40X25LL05T05
Change Physical Footprint: Designator=R36 Old Footprint=FP-TFCR0402-IPC_A New Footprint=FP-TFCR0402-IPC_A
Change Physical Footprint: Designator=R37 Old Footprint=FP-TFCR0402-IPC_A New Footprint=FP-TFCR0402-IPC_A
Change Physical Footprint: Designator=R38 Old Footprint=RESC1005X40X25LL05T05 New Footprint=RESC1005X40X25LL05T05
Change Physical Footprint: Designator=R39 Old Footprint=FP-PNM0402-IPC_C New Footprint=FP-PNM0402-IPC_C
Change Physical Footprint: Designator=R40 Old Footprint=FP-RK73H1E-IPC_C New Footprint=FP-RK73H1E-IPC_C
Change Physical Footprint: Designator=R41 Old Footprint=FP-PNM0402-IPC_C New Footprint=FP-PNM0402-IPC_C
Change Physical Footprint: Designator=R42 Old Footprint=FP-MCS0402-IPC_A New Footprint=FP-MCS0402-IPC_A
Change Physical Footprint: Designator=R43 Old Footprint=FP-MCS0402-MFG New Footprint=FP-MCS0402-MFG
Change Physical Footprint: Designator=S1 Old Footprint=SW_TL1015AF160QG New Footprint=SW_TL1015AF160QG
Change Physical Footprint: Designator=S2 Old Footprint=SW_TL1015AF160QG New Footprint=SW_TL1015AF160QG
Change Physical Footprint: Designator=U1 Old Footprint=SOT95P280X145-6N New Footprint=SOT95P280X145-6N
Change Physical Footprint: Designator=U2 Old Footprint=NXP-SOIC-8_L New Footprint=NXP-SOIC-8_L
Change Physical Footprint: Designator=U3 Old Footprint=FP-LQFP100-1L-MFG New Footprint=FP-LQFP100-1L-MFG
Change Physical Footprint: Designator=U4 Old Footprint=PQFN50P300X250X97-14N New Footprint=PQFN50P300X250X97-14N
Change Physical Footprint: Designator=U5 Old Footprint=SON95P450X400X80-9N New Footprint=SON95P450X400X80-9N
Change Physical Footprint: Designator=U6 Old Footprint=PQFN50P450X300X100-16N New Footprint=PQFN50P450X300X100-16N
Change Physical Footprint: Designator=U7 Old Footprint=DRR0012D New Footprint=DRR0012D
Change Physical Footprint: Designator=U8 Old Footprint=IC_TPS2121RUXR New Footprint=IC_TPS2121RUXR
Change Physical Footprint: Designator=U9 Old Footprint=FP-MIC5332-SSYMT-TR-IPC_C New Footprint=FP-MIC5332-SSYMT-TR-IPC_C
Change Physical Footprint: Designator=Y1 Old Footprint=XTAL_SXT32412BB07-25.000MT New Footprint=XTAL_SXT32412BB07-25.000MT
Change Physical Footprint: Designator=Y2 Old Footprint=FP-ABS07-MFG New Footprint=FP-ABS07-MFG
